
FAILURE: Build completed with 2 failures.

1: Task failed with an exception.
-----------
* What went wrong:
Execution failed for task ':admin-web:bootRun'.
> Process 'command 'C:\Program Files\Android\Android Studio1\jbr\bin\java.exe'' finished with non-zero exit value -1 (NTSTATUS 0xFFFFFFFF)

* Try:
> Run with --stacktrace option to get the stack trace.
> Run with --info or --debug option to get more log output.
> Run with --scan to get full insights from a Build Scan (powered by Develocity).
> Get more help at https://help.gradle.org.
==============================================================================

2: Task failed with an exception.
-----------
* What went wrong:
java.nio.file.FileAlreadyExistsException: C:\Users\ADMIN\.gradle\.tmp\problems-report12546150316299850690.html -> C:\Users\ADMIN\AndroidStudioProjects\BusBooking\build\reports\problems\problems-report.html

* Try:
> Run with --stacktrace option to get the stack trace.
> Run with --info or --debug option to get more log output.
> Run with --scan to get full insights from a Build Scan (powered by Develocity).
> Get more help at https://help.gradle.org.
==============================================================================

BUILD FAILED in 7m 53s
