
> Configure project :app
WARNING: The option setting 'android.disallowKotlinSourceSets=false' is experimental.
The current default is 'true'.
WARNING: The option setting 'android.dependency.excludeLibraryComponentsFromConstraints=true' is deprecated.
The current default is 'false'.
It will be removed in version 10.0 of the Android Gradle plugin.
Following can be set instead to achieve a similar behaviour.
    android.dependency.useConstraints=false

> Task :admin-web:compileJava UP-TO-DATE
> Task :admin-web:processResources UP-TO-DATE
> Task :admin-web:classes UP-TO-DATE
> Task :admin-web:resolveMainClassName UP-TO-DATE

> Task :admin-web:bootRun
Standard Commons Logging discovery in action with spring-jcl: please remove commons-logging.jar from classpath in order to avoid potential conflicts
Standard Commons Logging discovery in action with spring-jcl: please remove commons-logging.jar from classpath in order to avoid potential conflicts

  .   ____          _            __ _ _
 /\\ / ___'_ __ _ _(_)_ __  __ _ \ \ \ \
( ( )\___ | '_ | '_| | '_ \/ _` | \ \ \ \
 \\/  ___)| |_)| | | | | || (_| |  ) ) ) )
  '  |____| .__|_| |_|_| |_\__, | / / / /
 =========|_|==============|___/=/_/_/_/

 :: Spring Boot ::                (v3.3.5)

2026-05-28T02:03:26.282+07:00  INFO 10888 --- [busbooking-admin-web] [  restartedMain] c.e.b.admin.AdminWebApplication          : Starting AdminWebApplication using Java 21.0.10 with PID 10888 (C:\Users\ADMIN\AndroidStudioProjects\BusBooking\admin-web\build\classes\java\main started by ADMIN in C:\Users\ADMIN\AndroidStudioProjects\BusBooking\admin-web)
2026-05-28T02:03:26.284+07:00  INFO 10888 --- [busbooking-admin-web] [  restartedMain] c.e.b.admin.AdminWebApplication          : No active profile set, falling back to 1 default profile: "default"
2026-05-28T02:03:26.316+07:00  INFO 10888 --- [busbooking-admin-web] [  restartedMain] .e.DevToolsPropertyDefaultsPostProcessor : Devtools property defaults active! Set 'spring.devtools.add-properties' to 'false' to disable
2026-05-28T02:03:26.316+07:00  INFO 10888 --- [busbooking-admin-web] [  restartedMain] .e.DevToolsPropertyDefaultsPostProcessor : For additional web related logging consider setting the 'logging.level.web' property to 'DEBUG'
2026-05-28T02:03:27.266+07:00  INFO 10888 --- [busbooking-admin-web] [  restartedMain] o.s.b.w.embedded.tomcat.TomcatWebServer  : Tomcat initialized with port 8081 (http)
2026-05-28T02:03:27.279+07:00  INFO 10888 --- [busbooking-admin-web] [  restartedMain] o.apache.catalina.core.StandardService   : Starting service [Tomcat]
2026-05-28T02:03:27.280+07:00  INFO 10888 --- [busbooking-admin-web] [  restartedMain] o.apache.catalina.core.StandardEngine    : Starting Servlet engine: [Apache Tomcat/10.1.31]
2026-05-28T02:03:27.330+07:00  INFO 10888 --- [busbooking-admin-web] [  restartedMain] o.a.c.c.C.[Tomcat].[localhost].[/]       : Initializing Spring embedded WebApplicationContext
2026-05-28T02:03:27.330+07:00  INFO 10888 --- [busbooking-admin-web] [  restartedMain] w.s.c.ServletWebServerApplicationContext : Root WebApplicationContext: initialization completed in 1014 ms
Standard Commons Logging discovery in action with spring-jcl: please remove commons-logging.jar from classpath in order to avoid potential conflicts
2026-05-28T02:03:28.175+07:00  INFO 10888 --- [busbooking-admin-web] [  restartedMain] eAuthenticationProviderManagerConfigurer : Global AuthenticationManager configured with AuthenticationProvider bean with name firebaseAdminAuthenticationProvider
2026-05-28T02:03:28.490+07:00  INFO 10888 --- [busbooking-admin-web] [  restartedMain] o.s.b.d.a.OptionalLiveReloadServer       : LiveReload server is running on port 35729
2026-05-28T02:03:28.511+07:00  INFO 10888 --- [busbooking-admin-web] [  restartedMain] o.s.b.w.embedded.tomcat.TomcatWebServer  : Tomcat started on port 8081 (http) with context path '/'
2026-05-28T02:03:28.517+07:00  INFO 10888 --- [busbooking-admin-web] [  restartedMain] c.e.b.admin.AdminWebApplication          : Started AdminWebApplication in 2.55 seconds (process running for 3.037)
2026-05-28T02:03:28.524+07:00  INFO 10888 --- [busbooking-admin-web] [  restartedMain] c.e.b.a.s.TestDataStartupRefresher       : Refreshing rolling test data on admin-web startup
2026-05-28T02:03:34.705+07:00  INFO 10888 --- [busbooking-admin-web] [  restartedMain] c.e.b.a.s.TestDataStartupRefresher       : Reconciled 1 successful VNPAY payment(s)
2026-05-28T02:04:17.852+07:00  INFO 10888 --- [busbooking-admin-web] [nio-8081-exec-1] o.a.c.c.C.[Tomcat].[localhost].[/]       : Initializing Spring DispatcherServlet 'dispatcherServlet'
2026-05-28T02:04:17.852+07:00  INFO 10888 --- [busbooking-admin-web] [nio-8081-exec-1] o.s.web.servlet.DispatcherServlet        : Initializing Servlet 'dispatcherServlet'
2026-05-28T02:04:17.853+07:00  INFO 10888 --- [busbooking-admin-web] [nio-8081-exec-1] o.s.web.servlet.DispatcherServlet        : Completed initialization in 1 ms

> Task :admin-web:bootRun FAILED

Deprecated Gradle features were used in this build, making it incompatible with Gradle 10.

You can use '--warning-mode all' to show the individual deprecation warnings and determine if they come from your own scripts or plugins.

For more on this, please refer to https://docs.gradle.org/9.4.1/userguide/command_line_interface.html#sec:command_line_warnings in the Gradle documentation.
4 actionable tasks: 1 executed, 3 up-to-date
