
VNPAY public return URL: https://preceding-weekend-timer-steps.trycloudflare.com/api/payments/vnpay/return
VNPAY IPN URL neu sandbox cho cau hinh: https://preceding-weekend-timer-steps.trycloudflare.com/api/payments/vnpay/ipn
Hay tao QR moi sau khi admin-web khoi dong; QR cu van chua URL local.


> Configure project :app
WARNING: The option setting 'android.disallowKotlinSourceSets=false' is experimental.
The current default is 'true'.
WARNING: The option setting 'android.dependency.excludeLibraryComponentsFromConstraints=true' is deprecated.
The current default is 'false'.
It will be removed in version 10.0 of the Android Gradle plugin.
Following can be set instead to achieve a similar behaviour.
    android.dependency.useConstraints=false

> Task :admin-web:compileJava UP-TO-DATE
> Task :admin-web:processResources UP-TO-DATE
> Task :admin-web:classes UP-TO-DATE
> Task :admin-web:resolveMainClassName UP-TO-DATE

> Task :admin-web:bootRun
Standard Commons Logging discovery in action with spring-jcl: please remove commons-logging.jar from classpath in order to avoid potential conflicts
Standard Commons Logging discovery in action with spring-jcl: please remove commons-logging.jar from classpath in order to avoid potential conflicts

  .   ____          _            __ _ _
 /\\ / ___'_ __ _ _(_)_ __  __ _ \ \ \ \
( ( )\___ | '_ | '_| | '_ \/ _` | \ \ \ \
 \\/  ___)| |_)| | | | | || (_| |  ) ) ) )
  '  |____| .__|_| |_|_| |_\__, | / / / /
 =========|_|==============|___/=/_/_/_/

 :: Spring Boot ::                (v3.3.5)

2026-05-28T02:11:20.958+07:00  INFO 4420 --- [busbooking-admin-web] [  restartedMain] c.e.b.admin.AdminWebApplication          : Starting AdminWebApplication using Java 21.0.10 with PID 4420 (C:\Users\ADMIN\AndroidStudioProjects\BusBooking\admin-web\build\classes\java\main started by ADMIN in C:\Users\ADMIN\AndroidStudioProjects\BusBooking\admin-web)
2026-05-28T02:11:20.962+07:00  INFO 4420 --- [busbooking-admin-web] [  restartedMain] c.e.b.admin.AdminWebApplication          : No active profile set, falling back to 1 default profile: "default"
2026-05-28T02:11:21.009+07:00  INFO 4420 --- [busbooking-admin-web] [  restartedMain] .e.DevToolsPropertyDefaultsPostProcessor : Devtools property defaults active! Set 'spring.devtools.add-properties' to 'false' to disable
2026-05-28T02:11:21.009+07:00  INFO 4420 --- [busbooking-admin-web] [  restartedMain] .e.DevToolsPropertyDefaultsPostProcessor : For additional web related logging consider setting the 'logging.level.web' property to 'DEBUG'
2026-05-28T02:11:22.063+07:00  INFO 4420 --- [busbooking-admin-web] [  restartedMain] o.s.b.w.embedded.tomcat.TomcatWebServer  : Tomcat initialized with port 8081 (http)
2026-05-28T02:11:22.079+07:00  INFO 4420 --- [busbooking-admin-web] [  restartedMain] o.apache.catalina.core.StandardService   : Starting service [Tomcat]
2026-05-28T02:11:22.079+07:00  INFO 4420 --- [busbooking-admin-web] [  restartedMain] o.apache.catalina.core.StandardEngine    : Starting Servlet engine: [Apache Tomcat/10.1.31]
2026-05-28T02:11:22.132+07:00  INFO 4420 --- [busbooking-admin-web] [  restartedMain] o.a.c.c.C.[Tomcat].[localhost].[/]       : Initializing Spring embedded WebApplicationContext
2026-05-28T02:11:22.133+07:00  INFO 4420 --- [busbooking-admin-web] [  restartedMain] w.s.c.ServletWebServerApplicationContext : Root WebApplicationContext: initialization completed in 1122 ms
Standard Commons Logging discovery in action with spring-jcl: please remove commons-logging.jar from classpath in order to avoid potential conflicts
2026-05-28T02:11:22.963+07:00  INFO 4420 --- [busbooking-admin-web] [  restartedMain] eAuthenticationProviderManagerConfigurer : Global AuthenticationManager configured with AuthenticationProvider bean with name firebaseAdminAuthenticationProvider
2026-05-28T02:11:23.301+07:00  INFO 4420 --- [busbooking-admin-web] [  restartedMain] o.s.b.d.a.OptionalLiveReloadServer       : LiveReload server is running on port 35729
2026-05-28T02:11:23.322+07:00  INFO 4420 --- [busbooking-admin-web] [  restartedMain] o.s.b.w.embedded.tomcat.TomcatWebServer  : Tomcat started on port 8081 (http) with context path '/'
2026-05-28T02:11:23.329+07:00  INFO 4420 --- [busbooking-admin-web] [  restartedMain] c.e.b.admin.AdminWebApplication          : Started AdminWebApplication in 2.695 seconds (process running for 3.164)
2026-05-28T02:11:23.337+07:00  INFO 4420 --- [busbooking-admin-web] [  restartedMain] c.e.b.a.s.TestDataStartupRefresher       : Refreshing rolling test data on admin-web startup
2026-05-28T02:11:28.502+07:00  INFO 4420 --- [busbooking-admin-web] [nio-8081-exec-1] o.a.c.c.C.[Tomcat].[localhost].[/]       : Initializing Spring DispatcherServlet 'dispatcherServlet'
2026-05-28T02:11:28.504+07:00  INFO 4420 --- [busbooking-admin-web] [nio-8081-exec-1] o.s.web.servlet.DispatcherServlet        : Initializing Servlet 'dispatcherServlet'
2026-05-28T02:11:28.505+07:00  INFO 4420 --- [busbooking-admin-web] [nio-8081-exec-1] o.s.web.servlet.DispatcherServlet        : Completed initialization in 1 ms
2026-05-28T02:11:28.923+07:00  INFO 4420 --- [busbooking-admin-web] [  restartedMain] c.e.b.a.s.TestDataStartupRefresher       : Reconciled 1 successful VNPAY payment(s)
